> Task :clean
> Task :checkKotlinGradlePluginConfigurationErrors SKIPPED
> Task :processResources
> Task :check
> Task :compileKotlin
> Task :compileJava NO-SOURCE
> Task :classes
> Task :resolveMainClassName
> Task :bootJar
> Task :jar
> Task :assemble
> Task :build

BUILD SUCCESSFUL in 6s
6 actionable tasks: 6 executed
Consider enabling configuration cache to speed up this build: https://docs.gradle.org/9.2.1/userguide/configuration_cache_enabling.html
